// Jest Snapshot v1, https://goo.gl/fbAQLP

exports[`renders the create form correctly 1`] = `
<form
  class="form-container"
  onSubmit={[Function]}
>
  <div
    class="field"
  >
    <label
      class="label is-large"
    >
      Habit
    </label>
    <div
      class="control"
    >
      <input
        class="input"
        name="title"
        placeholder="Your new habit"
        type="text"
      />
    </div>
  </div>
  <div
    class="field"
  >
    <label
      class="label"
    >
      Goal
    </label>
    <div
      class="control"
    >
      <textarea
        class="textarea"
        name="goal"
        placeholder="What is your goal?"
        type="text"
      />
    </div>
  </div>
  <div
    class="field is-grouped is-horizontal"
  >
    <div
      class="field-body"
    >
      <div
        class="field"
      >
        <label
          class="label"
        >
          Start Date
        </label>
        <div
          class="control"
        >
          <div
            className="react-datepicker-wrapper"
          >
            <div
              className="react-datepicker__input-container"
            >
              <input
                className=""
                disabled={false}
                onBlur={[Function]}
                onChange={[Function]}
                onClick={[Function]}
                onFocus={[Function]}
                onKeyDown={[Function]}
                readOnly={false}
                type="text"
                value="02/04/2020"
              />
            </div>
          </div>
        </div>
      </div>
      <div
        class="field"
      >
        <label
          class="label"
        >
          End Date
        </label>
        <div
          class="control"
        >
          <div
            className="react-datepicker-wrapper"
          >
            <div
              className="react-datepicker__input-container"
            >
              <input
                className=""
                disabled={false}
                onBlur={[Function]}
                onChange={[Function]}
                onClick={[Function]}
                onFocus={[Function]}
                onKeyDown={[Function]}
                readOnly={false}
                type="text"
                value="02/04/2020"
              />
            </div>
          </div>
        </div>
      </div>
    </div>
  </div>
  <h3
    class="label is-large margin-top"
  >
    Accountability Partner
  </h3>
  <div
    class="field"
  >
    <label
      class="label"
    >
      Name
    </label>
    <div
      class="control"
    >
      <input
        class="input"
        name="accountabilityPartner.name"
        placeholder="Your accountability partner's name"
        type="text"
      />
    </div>
  </div>
  <div
    class="field"
  >
    <label
      class="label"
    >
      Email
    </label>
    <div
      class="control"
    >
      <input
        class="input"
        name="accountabilityPartner.email"
        placeholder="Their email"
        type="text"
      />
    </div>
  </div>
  <div
    class="control margin-top"
  >
    <button
      class="button is-link"
    >
      Submit
    </button>
  </div>
</form>
`;
